
space-before-function-paren.ts[1, 13]: Missing whitespace before function parens
space-before-function-paren.ts[10, 14]: Missing whitespace before function parens
space-before-function-paren.ts[14, 16]: Missing whitespace before function parens
